[0.249s] DEBUG:colcon:Command line arguments: ['/usr/bin/colcon', 'build', '--packages-select', 'plex_arm_5']
[0.249s] DEBUG:colcon:Parsed command line arguments: Namespace(log_base=None, log_level=None, verb_name='build', build_base='build', install_base='install', merge_install=False, symlink_install=False, test_result_base=None, continue_on_error=False, executor='parallel', parallel_workers=24, event_handlers=None, ignore_user_meta=False, metas=['./colcon.meta'], base_paths=['.'], packages_ignore=None, packages_ignore_regex=None, paths=None, packages_up_to=None, packages_up_to_regex=None, packages_above=None, packages_above_and_dependencies=None, packages_above_depth=None, packages_select_by_dep=None, packages_skip_by_dep=None, packages_skip_up_to=None, packages_select_build_failed=False, packages_skip_build_finished=False, packages_select_test_failures=False, packages_skip_test_passed=False, packages_select=['plex_arm_5'], packages_skip=None, packages_select_regex=None, packages_skip_regex=None, packages_start=None, packages_end=None, allow_overriding=[], cmake_args=None, cmake_target=None, cmake_target_skip_unavailable=False, cmake_clean_cache=False, cmake_clean_first=False, cmake_force_configure=False, ament_cmake_args=None, catkin_cmake_args=None, catkin_skip_building_tests=False, verb_parser=<colcon_defaults.argument_parser.defaults.DefaultArgumentsDecorator object at 0x7f7cd434c9d0>, verb_extension=<colcon_core.verb.build.BuildVerb object at 0x7f7cd44011e0>, main=<bound method BuildVerb.main of <colcon_core.verb.build.BuildVerb object at 0x7f7cd44011e0>>)
[0.464s] Level 1:colcon.colcon_core.package_discovery:discover_packages(colcon_meta) check parameters
[0.465s] Level 1:colcon.colcon_core.package_discovery:discover_packages(recursive) check parameters
[0.465s] Level 1:colcon.colcon_core.package_discovery:discover_packages(ignore) check parameters
[0.465s] Level 1:colcon.colcon_core.package_discovery:discover_packages(path) check parameters
[0.465s] Level 1:colcon.colcon_core.package_discovery:discover_packages(colcon_meta) discover
[0.465s] Level 1:colcon.colcon_core.package_discovery:discover_packages(recursive) discover
[0.465s] INFO:colcon.colcon_core.package_discovery:Crawling recursively for packages in '/root/ros2_ws/src/plex_arm_5'
[0.465s] Level 1:colcon.colcon_core.package_identification:_identify(.) by extensions ['ignore', 'ignore_ament_install']
[0.466s] Level 1:colcon.colcon_core.package_identification:_identify(.) by extension 'ignore'
[0.466s] Level 1:colcon.colcon_core.package_identification:_identify(.) by extension 'ignore_ament_install'
[0.466s] Level 1:colcon.colcon_core.package_identification:_identify(.) by extensions ['colcon_pkg']
[0.466s] Level 1:colcon.colcon_core.package_identification:_identify(.) by extension 'colcon_pkg'
[0.466s] Level 1:colcon.colcon_core.package_identification:_identify(.) by extensions ['colcon_meta']
[0.466s] Level 1:colcon.colcon_core.package_identification:_identify(.) by extension 'colcon_meta'
[0.466s] Level 1:colcon.colcon_core.package_identification:_identify(.) by extensions ['ros']
[0.467s] Level 1:colcon.colcon_core.package_identification:_identify(.) by extension 'ros'
[0.498s] DEBUG:colcon.colcon_core.package_identification:Package '.' with type 'ros.ament_python' and name 'plex_arm_5'
[0.499s] Level 1:colcon.colcon_core.package_discovery:discover_packages(recursive) using defaults
[0.499s] Level 1:colcon.colcon_core.package_discovery:discover_packages(ignore) discover
[0.499s] Level 1:colcon.colcon_core.package_discovery:discover_packages(ignore) using defaults
[0.499s] Level 1:colcon.colcon_core.package_discovery:discover_packages(path) discover
[0.499s] Level 1:colcon.colcon_core.package_discovery:discover_packages(path) using defaults
[0.536s] Level 1:colcon.colcon_core.package_discovery:discover_packages(prefix_path) check parameters
[0.536s] Level 1:colcon.colcon_core.package_discovery:discover_packages(prefix_path) discover
[0.540s] DEBUG:colcon.colcon_installed_package_information.package_discovery:Found 1 installed packages in /root/ros2_ws/src/plex_arm_5/install
[0.540s] DEBUG:colcon.colcon_installed_package_information.package_discovery:Found 3 installed packages in /root/ros2_ws/install
[0.543s] DEBUG:colcon.colcon_installed_package_information.package_discovery:Found 321 installed packages in /opt/ros/humble
[0.564s] Level 1:colcon.colcon_core.package_discovery:discover_packages(prefix_path) using defaults
[0.637s] Level 5:colcon.colcon_core.verb:set package 'plex_arm_5' build argument 'cmake_args' from command line to 'None'
[0.637s] Level 5:colcon.colcon_core.verb:set package 'plex_arm_5' build argument 'cmake_target' from command line to 'None'
[0.637s] Level 5:colcon.colcon_core.verb:set package 'plex_arm_5' build argument 'cmake_target_skip_unavailable' from command line to 'False'
[0.637s] Level 5:colcon.colcon_core.verb:set package 'plex_arm_5' build argument 'cmake_clean_cache' from command line to 'False'
[0.637s] Level 5:colcon.colcon_core.verb:set package 'plex_arm_5' build argument 'cmake_clean_first' from command line to 'False'
[0.637s] Level 5:colcon.colcon_core.verb:set package 'plex_arm_5' build argument 'cmake_force_configure' from command line to 'False'
[0.637s] Level 5:colcon.colcon_core.verb:set package 'plex_arm_5' build argument 'ament_cmake_args' from command line to 'None'
[0.637s] Level 5:colcon.colcon_core.verb:set package 'plex_arm_5' build argument 'catkin_cmake_args' from command line to 'None'
[0.637s] Level 5:colcon.colcon_core.verb:set package 'plex_arm_5' build argument 'catkin_skip_building_tests' from command line to 'False'
[0.637s] DEBUG:colcon.colcon_core.verb:Building package 'plex_arm_5' with the following arguments: {'ament_cmake_args': None, 'build_base': '/root/ros2_ws/src/plex_arm_5/build/plex_arm_5', 'catkin_cmake_args': None, 'catkin_skip_building_tests': False, 'cmake_args': None, 'cmake_clean_cache': False, 'cmake_clean_first': False, 'cmake_force_configure': False, 'cmake_target': None, 'cmake_target_skip_unavailable': False, 'install_base': '/root/ros2_ws/src/plex_arm_5/install/plex_arm_5', 'merge_install': False, 'path': '/root/ros2_ws/src/plex_arm_5', 'symlink_install': False, 'test_result_base': None}
[0.638s] INFO:colcon.colcon_core.executor:Executing jobs using 'parallel' executor
[0.640s] DEBUG:colcon.colcon_parallel_executor.executor.parallel:run_until_complete
[0.640s] INFO:colcon.colcon_ros.task.ament_python.build:Building ROS package in '/root/ros2_ws/src/plex_arm_5' with build type 'ament_python'
[0.640s] Level 1:colcon.colcon_core.shell:create_environment_hook('plex_arm_5', 'ament_prefix_path')
[0.644s] INFO:colcon.colcon_core.plugin_system:Skipping extension 'colcon_core.shell.bat': Not used on non-Windows systems
[0.645s] INFO:colcon.colcon_core.shell:Creating environment hook '/root/ros2_ws/src/plex_arm_5/install/plex_arm_5/share/plex_arm_5/hook/ament_prefix_path.ps1'
[0.646s] INFO:colcon.colcon_core.shell:Creating environment descriptor '/root/ros2_ws/src/plex_arm_5/install/plex_arm_5/share/plex_arm_5/hook/ament_prefix_path.dsv'
[0.647s] INFO:colcon.colcon_core.shell:Creating environment hook '/root/ros2_ws/src/plex_arm_5/install/plex_arm_5/share/plex_arm_5/hook/ament_prefix_path.sh'
[0.648s] INFO:colcon.colcon_core.shell:Skip shell extension 'powershell' for command environment: Not usable outside of PowerShell
[0.648s] DEBUG:colcon.colcon_core.shell:Skip shell extension 'dsv' for command environment
[1.099s] INFO:colcon.colcon_core.task.python.build:Building Python package in '/root/ros2_ws/src/plex_arm_5'
[1.100s] INFO:colcon.colcon_core.shell:Skip shell extension 'powershell' for command environment: Not usable outside of PowerShell
[1.100s] DEBUG:colcon.colcon_core.shell:Skip shell extension 'dsv' for command environment
[1.679s] DEBUG:colcon.colcon_core.task.python.build:Available setuptools commands: clean, extract_messages, install_data, dist_info, install, bdist_egg, build_ext, bdist, sdist, compile_catalog, test, build_clib, install_egg_info, symlink_data, develop, init_catalog, saveopts, build_scripts, install_scripts, install_headers, register, setopt, upload, update_catalog, build, alias, bdist_dumb, rotate, upload_docs, egg_info, easy_install, bdist_rpm, install_lib, check, build_py
[1.687s] DEBUG:colcon.colcon_core.event_handler.log_command:Invoking command in '/root/ros2_ws/src/plex_arm_5/build/plex_arm_5': PYTHONPATH=/root/ros2_ws/src/plex_arm_5/build/plex_arm_5/prefix_override:/usr/lib/python3/dist-packages/colcon_core/task/python/colcon_distutils_commands:/root/ros2_ws/src/plex_arm_5/install/plex_arm_5/lib/python3.10/site-packages:${PYTHONPATH} /usr/bin/python3 -W ignore:setup.py install is deprecated -W ignore:easy_install command is deprecated setup.py develop --uninstall --editable --build-directory /root/ros2_ws/src/plex_arm_5/build/plex_arm_5/build
[2.353s] DEBUG:colcon.colcon_core.event_handler.log_command:Invoked command in '/root/ros2_ws/src/plex_arm_5/build/plex_arm_5' returned '0': PYTHONPATH=/root/ros2_ws/src/plex_arm_5/build/plex_arm_5/prefix_override:/usr/lib/python3/dist-packages/colcon_core/task/python/colcon_distutils_commands:/root/ros2_ws/src/plex_arm_5/install/plex_arm_5/lib/python3.10/site-packages:${PYTHONPATH} /usr/bin/python3 -W ignore:setup.py install is deprecated -W ignore:easy_install command is deprecated setup.py develop --uninstall --editable --build-directory /root/ros2_ws/src/plex_arm_5/build/plex_arm_5/build
[2.357s] DEBUG:colcon.colcon_core.event_handler.log_command:Invoking command in '/root/ros2_ws/src/plex_arm_5': PYTHONPATH=/root/ros2_ws/src/plex_arm_5/build/plex_arm_5/prefix_override:/usr/lib/python3/dist-packages/colcon_core/task/python/colcon_distutils_commands:/root/ros2_ws/src/plex_arm_5/install/plex_arm_5/lib/python3.10/site-packages:${PYTHONPATH} /usr/bin/python3 -W ignore:setup.py install is deprecated -W ignore:easy_install command is deprecated setup.py egg_info --egg-base build/plex_arm_5 build --build-base /root/ros2_ws/src/plex_arm_5/build/plex_arm_5/build install --record /root/ros2_ws/src/plex_arm_5/build/plex_arm_5/install.log --install-scripts $base/lib/plex_arm_5 --single-version-externally-managed install_data --force
[2.973s] DEBUG:colcon.colcon_core.event_handler.log_command:Invoked command in '/root/ros2_ws/src/plex_arm_5' returned '0': PYTHONPATH=/root/ros2_ws/src/plex_arm_5/build/plex_arm_5/prefix_override:/usr/lib/python3/dist-packages/colcon_core/task/python/colcon_distutils_commands:/root/ros2_ws/src/plex_arm_5/install/plex_arm_5/lib/python3.10/site-packages:${PYTHONPATH} /usr/bin/python3 -W ignore:setup.py install is deprecated -W ignore:easy_install command is deprecated setup.py egg_info --egg-base build/plex_arm_5 build --build-base /root/ros2_ws/src/plex_arm_5/build/plex_arm_5/build install --record /root/ros2_ws/src/plex_arm_5/build/plex_arm_5/install.log --install-scripts $base/lib/plex_arm_5 --single-version-externally-managed install_data --force
[2.977s] Level 1:colcon.colcon_core.environment:checking '/root/ros2_ws/src/plex_arm_5/install/plex_arm_5' for CMake module files
[2.977s] Level 1:colcon.colcon_core.environment:checking '/root/ros2_ws/src/plex_arm_5/install/plex_arm_5' for CMake config files
[2.979s] Level 1:colcon.colcon_core.environment:checking '/root/ros2_ws/src/plex_arm_5/install/plex_arm_5/lib'
[2.979s] Level 1:colcon.colcon_core.environment:checking '/root/ros2_ws/src/plex_arm_5/install/plex_arm_5/bin'
[2.979s] Level 1:colcon.colcon_core.environment:checking '/root/ros2_ws/src/plex_arm_5/install/plex_arm_5/lib/pkgconfig/plex_arm_5.pc'
[2.980s] Level 1:colcon.colcon_core.environment:checking '/root/ros2_ws/src/plex_arm_5/install/plex_arm_5/lib/python3.10/site-packages'
[2.980s] Level 1:colcon.colcon_core.shell:create_environment_hook('plex_arm_5', 'pythonpath')
[2.980s] INFO:colcon.colcon_core.shell:Creating environment hook '/root/ros2_ws/src/plex_arm_5/install/plex_arm_5/share/plex_arm_5/hook/pythonpath.ps1'
[2.981s] INFO:colcon.colcon_core.shell:Creating environment descriptor '/root/ros2_ws/src/plex_arm_5/install/plex_arm_5/share/plex_arm_5/hook/pythonpath.dsv'
[2.982s] INFO:colcon.colcon_core.shell:Creating environment hook '/root/ros2_ws/src/plex_arm_5/install/plex_arm_5/share/plex_arm_5/hook/pythonpath.sh'
[2.983s] Level 1:colcon.colcon_core.environment:checking '/root/ros2_ws/src/plex_arm_5/install/plex_arm_5/bin'
[2.983s] Level 1:colcon.colcon_core.environment:create_environment_scripts_only(plex_arm_5)
[2.984s] INFO:colcon.colcon_core.shell:Creating package script '/root/ros2_ws/src/plex_arm_5/install/plex_arm_5/share/plex_arm_5/package.ps1'
[2.986s] INFO:colcon.colcon_core.shell:Creating package descriptor '/root/ros2_ws/src/plex_arm_5/install/plex_arm_5/share/plex_arm_5/package.dsv'
[2.987s] INFO:colcon.colcon_core.shell:Creating package script '/root/ros2_ws/src/plex_arm_5/install/plex_arm_5/share/plex_arm_5/package.sh'
[2.988s] INFO:colcon.colcon_core.shell:Creating package script '/root/ros2_ws/src/plex_arm_5/install/plex_arm_5/share/plex_arm_5/package.bash'
[2.989s] INFO:colcon.colcon_core.shell:Creating package script '/root/ros2_ws/src/plex_arm_5/install/plex_arm_5/share/plex_arm_5/package.zsh'
[2.990s] Level 1:colcon.colcon_core.environment:create_file_with_runtime_dependencies(/root/ros2_ws/src/plex_arm_5/install/plex_arm_5/share/colcon-core/packages/plex_arm_5)
[2.990s] DEBUG:colcon.colcon_parallel_executor.executor.parallel:closing loop
[2.991s] DEBUG:colcon.colcon_parallel_executor.executor.parallel:loop closed
[2.991s] DEBUG:colcon.colcon_parallel_executor.executor.parallel:run_until_complete finished with '0'
[2.991s] DEBUG:colcon.colcon_core.event_reactor:joining thread
[3.039s] INFO:colcon.colcon_core.plugin_system:Skipping extension 'colcon_notification.desktop_notification.notify_send': Could not find 'notify-send'
[3.039s] INFO:colcon.colcon_core.plugin_system:Skipping extension 'colcon_notification.desktop_notification.terminal_notifier': Not used on non-Darwin systems
[3.040s] INFO:colcon.colcon_core.plugin_system:Skipping extension 'colcon_notification.desktop_notification.win32': Not used on non-Windows systems
[3.040s] INFO:colcon.colcon_notification.desktop_notification:Sending desktop notification using 'notify2'
[3.040s] DEBUG:colcon.colcon_notification.desktop_notification.notify2:Failed to initialize notify2: org.freedesktop.DBus.Error.FileNotFound: Failed to connect to socket /run/user/0/bus: No such file or directory
[3.040s] DEBUG:colcon.colcon_core.event_reactor:joined thread
[3.041s] INFO:colcon.colcon_core.shell:Creating prefix script '/root/ros2_ws/src/plex_arm_5/install/local_setup.ps1'
[3.042s] INFO:colcon.colcon_core.shell:Creating prefix util module '/root/ros2_ws/src/plex_arm_5/install/_local_setup_util_ps1.py'
[3.044s] INFO:colcon.colcon_core.shell:Creating prefix chain script '/root/ros2_ws/src/plex_arm_5/install/setup.ps1'
[3.046s] INFO:colcon.colcon_core.shell:Creating prefix script '/root/ros2_ws/src/plex_arm_5/install/local_setup.sh'
[3.047s] INFO:colcon.colcon_core.shell:Creating prefix util module '/root/ros2_ws/src/plex_arm_5/install/_local_setup_util_sh.py'
[3.047s] INFO:colcon.colcon_core.shell:Creating prefix chain script '/root/ros2_ws/src/plex_arm_5/install/setup.sh'
[3.049s] INFO:colcon.colcon_core.shell:Creating prefix script '/root/ros2_ws/src/plex_arm_5/install/local_setup.bash'
[3.049s] INFO:colcon.colcon_core.shell:Creating prefix chain script '/root/ros2_ws/src/plex_arm_5/install/setup.bash'
[3.051s] INFO:colcon.colcon_core.shell:Creating prefix script '/root/ros2_ws/src/plex_arm_5/install/local_setup.zsh'
[3.052s] INFO:colcon.colcon_core.shell:Creating prefix chain script '/root/ros2_ws/src/plex_arm_5/install/setup.zsh'
