[1.114s] Invoking command in '/root/ros2_ws/src/plex_arm_5': PYTHONPATH=/root/ros2_ws/src/plex_arm_5/build/plex_arm_5/prefix_override:/usr/lib/python3/dist-packages/colcon_core/task/python/colcon_distutils_commands:/root/ros2_ws/src/plex_arm_5/install/plex_arm_5/lib/python3.10/site-packages:${PYTHONPATH} /usr/bin/python3 -W ignore:setup.py install is deprecated -W ignore:easy_install command is deprecated setup.py egg_info --egg-base build/plex_arm_5 build --build-base /root/ros2_ws/src/plex_arm_5/build/plex_arm_5/build install --record /root/ros2_ws/src/plex_arm_5/build/plex_arm_5/install.log --install-scripts $base/lib/plex_arm_5 --single-version-externally-managed install_data
[1.493s] running egg_info
[1.495s] writing build/plex_arm_5/plex_arm_5.egg-info/PKG-INFO
[1.496s] writing dependency_links to build/plex_arm_5/plex_arm_5.egg-info/dependency_links.txt
[1.496s] writing entry points to build/plex_arm_5/plex_arm_5.egg-info/entry_points.txt
[1.497s] writing requirements to build/plex_arm_5/plex_arm_5.egg-info/requires.txt
[1.497s] writing top-level names to build/plex_arm_5/plex_arm_5.egg-info/top_level.txt
[1.500s] reading manifest file 'build/plex_arm_5/plex_arm_5.egg-info/SOURCES.txt'
[1.501s] writing manifest file 'build/plex_arm_5/plex_arm_5.egg-info/SOURCES.txt'
[1.502s] running build
[1.502s] running build_py
[1.502s] copying plex_arm_5/joy_translator.py -> /root/ros2_ws/src/plex_arm_5/build/plex_arm_5/build/lib/plex_arm_5
[1.503s] running install
[1.503s] running install_lib
[1.505s] copying /root/ros2_ws/src/plex_arm_5/build/plex_arm_5/build/lib/plex_arm_5/joy_translator.py -> /root/ros2_ws/src/plex_arm_5/install/plex_arm_5/lib/python3.10/site-packages/plex_arm_5
[1.507s] byte-compiling /root/ros2_ws/src/plex_arm_5/install/plex_arm_5/lib/python3.10/site-packages/plex_arm_5/joy_translator.py to joy_translator.cpython-310.pyc
[1.507s]   File "/root/ros2_ws/src/plex_arm_5/install/plex_arm_5/lib/python3.10/site-packages/plex_arm_5/joy_translator.py", line 1
[1.507s]     def main()
[1.507s]               ^
[1.507s] SyntaxError: expected ':'
[1.508s] 
[1.508s] running install_data
[1.508s] running install_egg_info
[1.512s] removing '/root/ros2_ws/src/plex_arm_5/install/plex_arm_5/lib/python3.10/site-packages/plex_arm_5-0.0.0-py3.10.egg-info' (and everything under it)
[1.512s] Copying build/plex_arm_5/plex_arm_5.egg-info to /root/ros2_ws/src/plex_arm_5/install/plex_arm_5/lib/python3.10/site-packages/plex_arm_5-0.0.0-py3.10.egg-info
[1.514s] running install_scripts
[1.554s] Installing joy_translator script to /root/ros2_ws/src/plex_arm_5/install/plex_arm_5/lib/plex_arm_5
[1.555s] writing list of installed files to '/root/ros2_ws/src/plex_arm_5/build/plex_arm_5/install.log'
[1.599s] Invoked command in '/root/ros2_ws/src/plex_arm_5' returned '0': PYTHONPATH=/root/ros2_ws/src/plex_arm_5/build/plex_arm_5/prefix_override:/usr/lib/python3/dist-packages/colcon_core/task/python/colcon_distutils_commands:/root/ros2_ws/src/plex_arm_5/install/plex_arm_5/lib/python3.10/site-packages:${PYTHONPATH} /usr/bin/python3 -W ignore:setup.py install is deprecated -W ignore:easy_install command is deprecated setup.py egg_info --egg-base build/plex_arm_5 build --build-base /root/ros2_ws/src/plex_arm_5/build/plex_arm_5/build install --record /root/ros2_ws/src/plex_arm_5/build/plex_arm_5/install.log --install-scripts $base/lib/plex_arm_5 --single-version-externally-managed install_data
