[0.147s] DEBUG:colcon:Command line arguments: ['/usr/bin/colcon', 'build', '--symlink-install']
[0.147s] DEBUG:colcon:Parsed command line arguments: Namespace(log_base=None, log_level=None, verb_name='build', build_base='build', install_base='install', merge_install=False, symlink_install=True, test_result_base=None, continue_on_error=False, executor='parallel', parallel_workers=24, event_handlers=None, ignore_user_meta=False, metas=['./colcon.meta'], base_paths=['.'], packages_ignore=None, packages_ignore_regex=None, paths=None, packages_up_to=None, packages_up_to_regex=None, packages_above=None, packages_above_and_dependencies=None, packages_above_depth=None, packages_select_by_dep=None, packages_skip_by_dep=None, packages_skip_up_to=None, packages_select_build_failed=False, packages_skip_build_finished=False, packages_select_test_failures=False, packages_skip_test_passed=False, packages_select=None, packages_skip=None, packages_select_regex=None, packages_skip_regex=None, packages_start=None, packages_end=None, allow_overriding=[], cmake_args=None, cmake_target=None, cmake_target_skip_unavailable=False, cmake_clean_cache=False, cmake_clean_first=False, cmake_force_configure=False, ament_cmake_args=None, catkin_cmake_args=None, catkin_skip_building_tests=False, verb_parser=<colcon_defaults.argument_parser.defaults.DefaultArgumentsDecorator object at 0x760b5b061120>, verb_extension=<colcon_core.verb.build.BuildVerb object at 0x760b5b1567a0>, main=<bound method BuildVerb.main of <colcon_core.verb.build.BuildVerb object at 0x760b5b1567a0>>)
[0.276s] Level 1:colcon.colcon_core.package_discovery:discover_packages(colcon_meta) check parameters
[0.276s] Level 1:colcon.colcon_core.package_discovery:discover_packages(recursive) check parameters
[0.276s] Level 1:colcon.colcon_core.package_discovery:discover_packages(ignore) check parameters
[0.276s] Level 1:colcon.colcon_core.package_discovery:discover_packages(path) check parameters
[0.276s] Level 1:colcon.colcon_core.package_discovery:discover_packages(colcon_meta) discover
[0.276s] Level 1:colcon.colcon_core.package_discovery:discover_packages(recursive) discover
[0.276s] INFO:colcon.colcon_core.package_discovery:Crawling recursively for packages in '/root/ros2_ws/src/plex_arm_5'
[0.276s] Level 1:colcon.colcon_core.package_identification:_identify(.) by extensions ['ignore', 'ignore_ament_install']
[0.276s] Level 1:colcon.colcon_core.package_identification:_identify(.) by extension 'ignore'
[0.276s] Level 1:colcon.colcon_core.package_identification:_identify(.) by extension 'ignore_ament_install'
[0.276s] Level 1:colcon.colcon_core.package_identification:_identify(.) by extensions ['colcon_pkg']
[0.276s] Level 1:colcon.colcon_core.package_identification:_identify(.) by extension 'colcon_pkg'
[0.277s] Level 1:colcon.colcon_core.package_identification:_identify(.) by extensions ['colcon_meta']
[0.277s] Level 1:colcon.colcon_core.package_identification:_identify(.) by extension 'colcon_meta'
[0.277s] Level 1:colcon.colcon_core.package_identification:_identify(.) by extensions ['ros']
[0.277s] Level 1:colcon.colcon_core.package_identification:_identify(.) by extension 'ros'
[0.285s] DEBUG:colcon.colcon_core.package_identification:Package '.' with type 'ros.ament_python' and name 'plex_arm_5'
[0.286s] Level 1:colcon.colcon_core.package_discovery:discover_packages(recursive) using defaults
[0.286s] Level 1:colcon.colcon_core.package_discovery:discover_packages(ignore) discover
[0.286s] Level 1:colcon.colcon_core.package_discovery:discover_packages(ignore) using defaults
[0.286s] Level 1:colcon.colcon_core.package_discovery:discover_packages(path) discover
[0.286s] Level 1:colcon.colcon_core.package_discovery:discover_packages(path) using defaults
[0.298s] Level 1:colcon.colcon_core.package_discovery:discover_packages(prefix_path) check parameters
[0.298s] Level 1:colcon.colcon_core.package_discovery:discover_packages(prefix_path) discover
[0.299s] DEBUG:colcon.colcon_installed_package_information.package_discovery:Found 1 installed packages in /root/ros2_ws/src/plex_arm_5/install
[0.299s] DEBUG:colcon.colcon_installed_package_information.package_discovery:Found 3 installed packages in /root/ros2_ws/install
[0.300s] DEBUG:colcon.colcon_installed_package_information.package_discovery:Found 321 installed packages in /opt/ros/humble
[0.308s] Level 1:colcon.colcon_core.package_discovery:discover_packages(prefix_path) using defaults
[0.329s] Level 5:colcon.colcon_core.verb:set package 'plex_arm_5' build argument 'cmake_args' from command line to 'None'
[0.329s] Level 5:colcon.colcon_core.verb:set package 'plex_arm_5' build argument 'cmake_target' from command line to 'None'
[0.329s] Level 5:colcon.colcon_core.verb:set package 'plex_arm_5' build argument 'cmake_target_skip_unavailable' from command line to 'False'
[0.329s] Level 5:colcon.colcon_core.verb:set package 'plex_arm_5' build argument 'cmake_clean_cache' from command line to 'False'
[0.329s] Level 5:colcon.colcon_core.verb:set package 'plex_arm_5' build argument 'cmake_clean_first' from command line to 'False'
[0.329s] Level 5:colcon.colcon_core.verb:set package 'plex_arm_5' build argument 'cmake_force_configure' from command line to 'False'
[0.329s] Level 5:colcon.colcon_core.verb:set package 'plex_arm_5' build argument 'ament_cmake_args' from command line to 'None'
[0.329s] Level 5:colcon.colcon_core.verb:set package 'plex_arm_5' build argument 'catkin_cmake_args' from command line to 'None'
[0.329s] Level 5:colcon.colcon_core.verb:set package 'plex_arm_5' build argument 'catkin_skip_building_tests' from command line to 'False'
[0.329s] DEBUG:colcon.colcon_core.verb:Building package 'plex_arm_5' with the following arguments: {'ament_cmake_args': None, 'build_base': '/root/ros2_ws/src/plex_arm_5/build/plex_arm_5', 'catkin_cmake_args': None, 'catkin_skip_building_tests': False, 'cmake_args': None, 'cmake_clean_cache': False, 'cmake_clean_first': False, 'cmake_force_configure': False, 'cmake_target': None, 'cmake_target_skip_unavailable': False, 'install_base': '/root/ros2_ws/src/plex_arm_5/install/plex_arm_5', 'merge_install': False, 'path': '/root/ros2_ws/src/plex_arm_5', 'symlink_install': True, 'test_result_base': None}
[0.329s] INFO:colcon.colcon_core.executor:Executing jobs using 'parallel' executor
[0.330s] DEBUG:colcon.colcon_parallel_executor.executor.parallel:run_until_complete
[0.330s] INFO:colcon.colcon_ros.task.ament_python.build:Building ROS package in '/root/ros2_ws/src/plex_arm_5' with build type 'ament_python'
[0.330s] Level 1:colcon.colcon_core.shell:create_environment_hook('plex_arm_5', 'ament_prefix_path')
[0.332s] INFO:colcon.colcon_core.plugin_system:Skipping extension 'colcon_core.shell.bat': Not used on non-Windows systems
[0.332s] INFO:colcon.colcon_core.shell:Creating environment hook '/root/ros2_ws/src/plex_arm_5/install/plex_arm_5/share/plex_arm_5/hook/ament_prefix_path.ps1'
[0.332s] INFO:colcon.colcon_core.shell:Creating environment descriptor '/root/ros2_ws/src/plex_arm_5/install/plex_arm_5/share/plex_arm_5/hook/ament_prefix_path.dsv'
[0.333s] INFO:colcon.colcon_core.shell:Creating environment hook '/root/ros2_ws/src/plex_arm_5/install/plex_arm_5/share/plex_arm_5/hook/ament_prefix_path.sh'
[0.333s] INFO:colcon.colcon_core.shell:Skip shell extension 'powershell' for command environment: Not usable outside of PowerShell
[0.333s] DEBUG:colcon.colcon_core.shell:Skip shell extension 'dsv' for command environment
[0.451s] INFO:colcon.colcon_core.task.python.build:Building Python package in '/root/ros2_ws/src/plex_arm_5'
[0.451s] INFO:colcon.colcon_core.shell:Skip shell extension 'powershell' for command environment: Not usable outside of PowerShell
[0.451s] DEBUG:colcon.colcon_core.shell:Skip shell extension 'dsv' for command environment
[0.633s] DEBUG:colcon.colcon_core.task.python.build:Available setuptools commands: rotate, extract_messages, symlink_data, upload_docs, check, clean, build_ext, egg_info, install, bdist, install_data, sdist, install_headers, build, install_lib, install_egg_info, build_scripts, test, alias, build_clib, saveopts, update_catalog, dist_info, easy_install, upload, bdist_rpm, setopt, register, install_scripts, compile_catalog, build_py, develop, init_catalog, bdist_egg, bdist_dumb
[0.792s] DEBUG:colcon.colcon_core.task.python.build:Available setuptools 'develop' options: --dry-run, --no-user-cfg, --local-snapshots-ok, --zip-ok, --editable, --uninstall, --always-copy, --quiet, --record, --no-deps, --verbose, --multi-version, --no-find-links, --install-dir, --help, --install-layout, --user, --exclude-scripts, --allow-hosts, --upgrade, --optimize, --version, --egg-path, --prefix, --always-unzip, --force-installation-into-system-dir, --script-dir, --find-links, --index-url, --site-dirs, --build-directory
[0.795s] DEBUG:colcon.colcon_core.event_handler.log_command:Invoking command in '/root/ros2_ws/src/plex_arm_5/build/plex_arm_5': PYTHONPATH=/root/ros2_ws/src/plex_arm_5/build/plex_arm_5/prefix_override:/usr/lib/python3/dist-packages/colcon_core/task/python/colcon_distutils_commands:/root/ros2_ws/src/plex_arm_5/install/plex_arm_5/lib/python3.10/site-packages:${PYTHONPATH} /usr/bin/python3 -W ignore:setup.py install is deprecated -W ignore:easy_install command is deprecated setup.py develop --editable --build-directory /root/ros2_ws/src/plex_arm_5/build/plex_arm_5/build --no-deps symlink_data
[1.006s] Level 1:colcon.colcon_core.shell:create_environment_hook('plex_arm_5', 'pythonpath_develop')
[1.007s] DEBUG:colcon.colcon_core.event_handler.log_command:Invoked command in '/root/ros2_ws/src/plex_arm_5/build/plex_arm_5' returned '0': PYTHONPATH=/root/ros2_ws/src/plex_arm_5/build/plex_arm_5/prefix_override:/usr/lib/python3/dist-packages/colcon_core/task/python/colcon_distutils_commands:/root/ros2_ws/src/plex_arm_5/install/plex_arm_5/lib/python3.10/site-packages:${PYTHONPATH} /usr/bin/python3 -W ignore:setup.py install is deprecated -W ignore:easy_install command is deprecated setup.py develop --editable --build-directory /root/ros2_ws/src/plex_arm_5/build/plex_arm_5/build --no-deps symlink_data
[1.007s] INFO:colcon.colcon_core.shell:Creating environment hook '/root/ros2_ws/src/plex_arm_5/build/plex_arm_5/share/plex_arm_5/hook/pythonpath_develop.ps1'
[1.007s] INFO:colcon.colcon_core.shell:Creating environment descriptor '/root/ros2_ws/src/plex_arm_5/build/plex_arm_5/share/plex_arm_5/hook/pythonpath_develop.dsv'
[1.008s] INFO:colcon.colcon_core.shell:Creating environment hook '/root/ros2_ws/src/plex_arm_5/build/plex_arm_5/share/plex_arm_5/hook/pythonpath_develop.sh'
[1.009s] Level 1:colcon.colcon_core.environment:checking '/root/ros2_ws/src/plex_arm_5/install/plex_arm_5' for CMake module files
[1.009s] Level 1:colcon.colcon_core.environment:checking '/root/ros2_ws/src/plex_arm_5/install/plex_arm_5' for CMake config files
[1.010s] Level 1:colcon.colcon_core.environment:checking '/root/ros2_ws/src/plex_arm_5/install/plex_arm_5/lib'
[1.010s] Level 1:colcon.colcon_core.environment:checking '/root/ros2_ws/src/plex_arm_5/install/plex_arm_5/bin'
[1.010s] Level 1:colcon.colcon_core.environment:checking '/root/ros2_ws/src/plex_arm_5/install/plex_arm_5/lib/pkgconfig/plex_arm_5.pc'
[1.010s] Level 1:colcon.colcon_core.environment:checking '/root/ros2_ws/src/plex_arm_5/install/plex_arm_5/lib/python3.10/site-packages'
[1.010s] Level 1:colcon.colcon_core.shell:create_environment_hook('plex_arm_5', 'pythonpath')
[1.010s] INFO:colcon.colcon_core.shell:Creating environment hook '/root/ros2_ws/src/plex_arm_5/install/plex_arm_5/share/plex_arm_5/hook/pythonpath.ps1'
[1.010s] INFO:colcon.colcon_core.shell:Creating environment descriptor '/root/ros2_ws/src/plex_arm_5/install/plex_arm_5/share/plex_arm_5/hook/pythonpath.dsv'
[1.010s] INFO:colcon.colcon_core.shell:Creating environment hook '/root/ros2_ws/src/plex_arm_5/install/plex_arm_5/share/plex_arm_5/hook/pythonpath.sh'
[1.011s] Level 1:colcon.colcon_core.environment:checking '/root/ros2_ws/src/plex_arm_5/install/plex_arm_5/bin'
[1.011s] Level 1:colcon.colcon_core.environment:create_environment_scripts_only(plex_arm_5)
[1.011s] INFO:colcon.colcon_core.shell:Creating package script '/root/ros2_ws/src/plex_arm_5/install/plex_arm_5/share/plex_arm_5/package.ps1'
[1.012s] INFO:colcon.colcon_core.shell:Creating package descriptor '/root/ros2_ws/src/plex_arm_5/install/plex_arm_5/share/plex_arm_5/package.dsv'
[1.012s] INFO:colcon.colcon_core.shell:Creating package script '/root/ros2_ws/src/plex_arm_5/install/plex_arm_5/share/plex_arm_5/package.sh'
[1.012s] INFO:colcon.colcon_core.shell:Creating package script '/root/ros2_ws/src/plex_arm_5/install/plex_arm_5/share/plex_arm_5/package.bash'
[1.012s] INFO:colcon.colcon_core.shell:Creating package script '/root/ros2_ws/src/plex_arm_5/install/plex_arm_5/share/plex_arm_5/package.zsh'
[1.013s] Level 1:colcon.colcon_core.environment:create_file_with_runtime_dependencies(/root/ros2_ws/src/plex_arm_5/install/plex_arm_5/share/colcon-core/packages/plex_arm_5)
[1.013s] DEBUG:colcon.colcon_parallel_executor.executor.parallel:closing loop
[1.013s] DEBUG:colcon.colcon_parallel_executor.executor.parallel:loop closed
[1.013s] DEBUG:colcon.colcon_parallel_executor.executor.parallel:run_until_complete finished with '0'
[1.013s] DEBUG:colcon.colcon_core.event_reactor:joining thread
[1.028s] INFO:colcon.colcon_core.plugin_system:Skipping extension 'colcon_notification.desktop_notification.notify_send': Could not find 'notify-send'
[1.028s] INFO:colcon.colcon_core.plugin_system:Skipping extension 'colcon_notification.desktop_notification.terminal_notifier': Not used on non-Darwin systems
[1.028s] INFO:colcon.colcon_core.plugin_system:Skipping extension 'colcon_notification.desktop_notification.win32': Not used on non-Windows systems
[1.028s] INFO:colcon.colcon_notification.desktop_notification:Sending desktop notification using 'notify2'
[1.029s] DEBUG:colcon.colcon_notification.desktop_notification.notify2:Failed to initialize notify2: org.freedesktop.DBus.Error.ServiceUnknown: The name org.freedesktop.Notifications was not provided by any .service files
[1.029s] DEBUG:colcon.colcon_core.event_reactor:joined thread
[1.030s] INFO:colcon.colcon_core.shell:Creating prefix script '/root/ros2_ws/src/plex_arm_5/install/local_setup.ps1'
[1.030s] INFO:colcon.colcon_core.shell:Creating prefix util module '/root/ros2_ws/src/plex_arm_5/install/_local_setup_util_ps1.py'
[1.031s] INFO:colcon.colcon_core.shell:Creating prefix chain script '/root/ros2_ws/src/plex_arm_5/install/setup.ps1'
[1.031s] INFO:colcon.colcon_core.shell:Creating prefix script '/root/ros2_ws/src/plex_arm_5/install/local_setup.sh'
[1.032s] INFO:colcon.colcon_core.shell:Creating prefix util module '/root/ros2_ws/src/plex_arm_5/install/_local_setup_util_sh.py'
[1.032s] INFO:colcon.colcon_core.shell:Creating prefix chain script '/root/ros2_ws/src/plex_arm_5/install/setup.sh'
[1.032s] INFO:colcon.colcon_core.shell:Creating prefix script '/root/ros2_ws/src/plex_arm_5/install/local_setup.bash'
[1.032s] INFO:colcon.colcon_core.shell:Creating prefix chain script '/root/ros2_ws/src/plex_arm_5/install/setup.bash'
[1.033s] INFO:colcon.colcon_core.shell:Creating prefix script '/root/ros2_ws/src/plex_arm_5/install/local_setup.zsh'
[1.033s] INFO:colcon.colcon_core.shell:Creating prefix chain script '/root/ros2_ws/src/plex_arm_5/install/setup.zsh'
