[0.254s] DEBUG:colcon:Command line arguments: ['/usr/bin/colcon', 'build', '--symlink-install']
[0.254s] DEBUG:colcon:Parsed command line arguments: Namespace(log_base=None, log_level=None, verb_name='build', build_base='build', install_base='install', merge_install=False, symlink_install=True, test_result_base=None, continue_on_error=False, executor='parallel', parallel_workers=24, event_handlers=None, ignore_user_meta=False, metas=['./colcon.meta'], base_paths=['.'], packages_ignore=None, packages_ignore_regex=None, paths=None, packages_up_to=None, packages_up_to_regex=None, packages_above=None, packages_above_and_dependencies=None, packages_above_depth=None, packages_select_by_dep=None, packages_skip_by_dep=None, packages_skip_up_to=None, packages_select_build_failed=False, packages_skip_build_finished=False, packages_select_test_failures=False, packages_skip_test_passed=False, packages_select=None, packages_skip=None, packages_select_regex=None, packages_skip_regex=None, packages_start=None, packages_end=None, allow_overriding=[], cmake_args=None, cmake_target=None, cmake_target_skip_unavailable=False, cmake_clean_cache=False, cmake_clean_first=False, cmake_force_configure=False, ament_cmake_args=None, catkin_cmake_args=None, catkin_skip_building_tests=False, verb_parser=<colcon_defaults.argument_parser.defaults.DefaultArgumentsDecorator object at 0x7c6045e33f10>, verb_extension=<colcon_core.verb.build.BuildVerb object at 0x7c6045f5d510>, main=<bound method BuildVerb.main of <colcon_core.verb.build.BuildVerb object at 0x7c6045f5d510>>)
[0.515s] Level 1:colcon.colcon_core.package_discovery:discover_packages(colcon_meta) check parameters
[0.515s] Level 1:colcon.colcon_core.package_discovery:discover_packages(recursive) check parameters
[0.515s] Level 1:colcon.colcon_core.package_discovery:discover_packages(ignore) check parameters
[0.515s] Level 1:colcon.colcon_core.package_discovery:discover_packages(path) check parameters
[0.515s] Level 1:colcon.colcon_core.package_discovery:discover_packages(colcon_meta) discover
[0.516s] Level 1:colcon.colcon_core.package_discovery:discover_packages(recursive) discover
[0.516s] INFO:colcon.colcon_core.package_discovery:Crawling recursively for packages in '/root/ros2_ws/src/plex_arm_5'
[0.517s] Level 1:colcon.colcon_core.package_identification:_identify(.) by extensions ['ignore', 'ignore_ament_install']
[0.517s] Level 1:colcon.colcon_core.package_identification:_identify(.) by extension 'ignore'
[0.517s] Level 1:colcon.colcon_core.package_identification:_identify(.) by extension 'ignore_ament_install'
[0.517s] Level 1:colcon.colcon_core.package_identification:_identify(.) by extensions ['colcon_pkg']
[0.517s] Level 1:colcon.colcon_core.package_identification:_identify(.) by extension 'colcon_pkg'
[0.517s] Level 1:colcon.colcon_core.package_identification:_identify(.) by extensions ['colcon_meta']
[0.517s] Level 1:colcon.colcon_core.package_identification:_identify(.) by extension 'colcon_meta'
[0.517s] Level 1:colcon.colcon_core.package_identification:_identify(.) by extensions ['ros']
[0.517s] Level 1:colcon.colcon_core.package_identification:_identify(.) by extension 'ros'
[0.545s] DEBUG:colcon.colcon_core.package_identification:Package '.' with type 'ros.ament_python' and name 'plex_arm_5'
[0.546s] Level 1:colcon.colcon_core.package_discovery:discover_packages(recursive) using defaults
[0.546s] Level 1:colcon.colcon_core.package_discovery:discover_packages(ignore) discover
[0.546s] Level 1:colcon.colcon_core.package_discovery:discover_packages(ignore) using defaults
[0.546s] Level 1:colcon.colcon_core.package_discovery:discover_packages(path) discover
[0.546s] Level 1:colcon.colcon_core.package_discovery:discover_packages(path) using defaults
[0.581s] Level 1:colcon.colcon_core.package_discovery:discover_packages(prefix_path) check parameters
[0.581s] Level 1:colcon.colcon_core.package_discovery:discover_packages(prefix_path) discover
[0.584s] DEBUG:colcon.colcon_installed_package_information.package_discovery:Found 3 installed packages in /root/ros2_ws/install
[0.586s] DEBUG:colcon.colcon_installed_package_information.package_discovery:Found 321 installed packages in /opt/ros/humble
[0.608s] Level 1:colcon.colcon_core.package_discovery:discover_packages(prefix_path) using defaults
[0.673s] Level 5:colcon.colcon_core.verb:set package 'plex_arm_5' build argument 'cmake_args' from command line to 'None'
[0.674s] Level 5:colcon.colcon_core.verb:set package 'plex_arm_5' build argument 'cmake_target' from command line to 'None'
[0.674s] Level 5:colcon.colcon_core.verb:set package 'plex_arm_5' build argument 'cmake_target_skip_unavailable' from command line to 'False'
[0.674s] Level 5:colcon.colcon_core.verb:set package 'plex_arm_5' build argument 'cmake_clean_cache' from command line to 'False'
[0.674s] Level 5:colcon.colcon_core.verb:set package 'plex_arm_5' build argument 'cmake_clean_first' from command line to 'False'
[0.674s] Level 5:colcon.colcon_core.verb:set package 'plex_arm_5' build argument 'cmake_force_configure' from command line to 'False'
[0.674s] Level 5:colcon.colcon_core.verb:set package 'plex_arm_5' build argument 'ament_cmake_args' from command line to 'None'
[0.674s] Level 5:colcon.colcon_core.verb:set package 'plex_arm_5' build argument 'catkin_cmake_args' from command line to 'None'
[0.674s] Level 5:colcon.colcon_core.verb:set package 'plex_arm_5' build argument 'catkin_skip_building_tests' from command line to 'False'
[0.674s] DEBUG:colcon.colcon_core.verb:Building package 'plex_arm_5' with the following arguments: {'ament_cmake_args': None, 'build_base': '/root/ros2_ws/src/plex_arm_5/build/plex_arm_5', 'catkin_cmake_args': None, 'catkin_skip_building_tests': False, 'cmake_args': None, 'cmake_clean_cache': False, 'cmake_clean_first': False, 'cmake_force_configure': False, 'cmake_target': None, 'cmake_target_skip_unavailable': False, 'install_base': '/root/ros2_ws/src/plex_arm_5/install/plex_arm_5', 'merge_install': False, 'path': '/root/ros2_ws/src/plex_arm_5', 'symlink_install': True, 'test_result_base': None}
[0.675s] INFO:colcon.colcon_core.executor:Executing jobs using 'parallel' executor
[0.677s] DEBUG:colcon.colcon_parallel_executor.executor.parallel:run_until_complete
[0.677s] INFO:colcon.colcon_ros.task.ament_python.build:Building ROS package in '/root/ros2_ws/src/plex_arm_5' with build type 'ament_python'
[0.678s] Level 1:colcon.colcon_core.shell:create_environment_hook('plex_arm_5', 'ament_prefix_path')
[0.682s] INFO:colcon.colcon_core.plugin_system:Skipping extension 'colcon_core.shell.bat': Not used on non-Windows systems
[0.683s] INFO:colcon.colcon_core.shell:Creating environment hook '/root/ros2_ws/src/plex_arm_5/install/plex_arm_5/share/plex_arm_5/hook/ament_prefix_path.ps1'
[0.685s] INFO:colcon.colcon_core.shell:Creating environment descriptor '/root/ros2_ws/src/plex_arm_5/install/plex_arm_5/share/plex_arm_5/hook/ament_prefix_path.dsv'
[0.686s] INFO:colcon.colcon_core.shell:Creating environment hook '/root/ros2_ws/src/plex_arm_5/install/plex_arm_5/share/plex_arm_5/hook/ament_prefix_path.sh'
[0.688s] INFO:colcon.colcon_core.shell:Skip shell extension 'powershell' for command environment: Not usable outside of PowerShell
[0.688s] DEBUG:colcon.colcon_core.shell:Skip shell extension 'dsv' for command environment
[1.147s] INFO:colcon.colcon_core.task.python.build:Building Python package in '/root/ros2_ws/src/plex_arm_5'
[1.147s] INFO:colcon.colcon_core.shell:Skip shell extension 'powershell' for command environment: Not usable outside of PowerShell
[1.147s] DEBUG:colcon.colcon_core.shell:Skip shell extension 'dsv' for command environment
[1.740s] DEBUG:colcon.colcon_core.task.python.build:Available setuptools commands: check, bdist, dist_info, saveopts, test, install_headers, symlink_data, install, egg_info, setopt, build_clib, build, compile_catalog, develop, bdist_rpm, sdist, bdist_dumb, register, init_catalog, upload, install_data, clean, bdist_egg, alias, build_py, extract_messages, build_scripts, easy_install, upload_docs, update_catalog, rotate, install_egg_info, build_ext, install_lib, install_scripts
[2.195s] DEBUG:colcon.colcon_core.task.python.build:Available setuptools 'develop' options: --force-installation-into-system-dir, --always-copy, --optimize, --no-deps, --multi-version, --script-dir, --dry-run, --index-url, --no-find-links, --build-directory, --upgrade, --install-dir, --always-unzip, --uninstall, --prefix, --record, --install-layout, --user, --help, --quiet, --zip-ok, --verbose, --version, --site-dirs, --find-links, --no-user-cfg, --egg-path, --exclude-scripts, --editable, --local-snapshots-ok, --allow-hosts
[2.202s] DEBUG:colcon.colcon_core.event_handler.log_command:Invoking command in '/root/ros2_ws/src/plex_arm_5/build/plex_arm_5': PYTHONPATH=/root/ros2_ws/src/plex_arm_5/build/plex_arm_5/prefix_override:/usr/lib/python3/dist-packages/colcon_core/task/python/colcon_distutils_commands:/root/ros2_ws/src/plex_arm_5/install/plex_arm_5/lib/python3.10/site-packages:${PYTHONPATH} /usr/bin/python3 -W ignore:setup.py install is deprecated -W ignore:easy_install command is deprecated setup.py develop --editable --build-directory /root/ros2_ws/src/plex_arm_5/build/plex_arm_5/build --no-deps symlink_data
[2.879s] Level 1:colcon.colcon_core.shell:create_environment_hook('plex_arm_5', 'pythonpath_develop')
[2.880s] INFO:colcon.colcon_core.shell:Creating environment hook '/root/ros2_ws/src/plex_arm_5/build/plex_arm_5/share/plex_arm_5/hook/pythonpath_develop.ps1'
[2.881s] DEBUG:colcon.colcon_core.event_handler.log_command:Invoked command in '/root/ros2_ws/src/plex_arm_5/build/plex_arm_5' returned '0': PYTHONPATH=/root/ros2_ws/src/plex_arm_5/build/plex_arm_5/prefix_override:/usr/lib/python3/dist-packages/colcon_core/task/python/colcon_distutils_commands:/root/ros2_ws/src/plex_arm_5/install/plex_arm_5/lib/python3.10/site-packages:${PYTHONPATH} /usr/bin/python3 -W ignore:setup.py install is deprecated -W ignore:easy_install command is deprecated setup.py develop --editable --build-directory /root/ros2_ws/src/plex_arm_5/build/plex_arm_5/build --no-deps symlink_data
[2.883s] INFO:colcon.colcon_core.shell:Creating environment descriptor '/root/ros2_ws/src/plex_arm_5/build/plex_arm_5/share/plex_arm_5/hook/pythonpath_develop.dsv'
[2.883s] INFO:colcon.colcon_core.shell:Creating environment hook '/root/ros2_ws/src/plex_arm_5/build/plex_arm_5/share/plex_arm_5/hook/pythonpath_develop.sh'
[2.886s] Level 1:colcon.colcon_core.environment:checking '/root/ros2_ws/src/plex_arm_5/install/plex_arm_5' for CMake module files
[2.886s] Level 1:colcon.colcon_core.environment:checking '/root/ros2_ws/src/plex_arm_5/install/plex_arm_5' for CMake config files
[2.887s] Level 1:colcon.colcon_core.environment:checking '/root/ros2_ws/src/plex_arm_5/install/plex_arm_5/lib'
[2.887s] Level 1:colcon.colcon_core.environment:checking '/root/ros2_ws/src/plex_arm_5/install/plex_arm_5/bin'
[2.888s] Level 1:colcon.colcon_core.environment:checking '/root/ros2_ws/src/plex_arm_5/install/plex_arm_5/lib/pkgconfig/plex_arm_5.pc'
[2.888s] Level 1:colcon.colcon_core.environment:checking '/root/ros2_ws/src/plex_arm_5/install/plex_arm_5/lib/python3.10/site-packages'
[2.888s] Level 1:colcon.colcon_core.shell:create_environment_hook('plex_arm_5', 'pythonpath')
[2.888s] INFO:colcon.colcon_core.shell:Creating environment hook '/root/ros2_ws/src/plex_arm_5/install/plex_arm_5/share/plex_arm_5/hook/pythonpath.ps1'
[2.889s] INFO:colcon.colcon_core.shell:Creating environment descriptor '/root/ros2_ws/src/plex_arm_5/install/plex_arm_5/share/plex_arm_5/hook/pythonpath.dsv'
[2.889s] INFO:colcon.colcon_core.shell:Creating environment hook '/root/ros2_ws/src/plex_arm_5/install/plex_arm_5/share/plex_arm_5/hook/pythonpath.sh'
[2.890s] Level 1:colcon.colcon_core.environment:checking '/root/ros2_ws/src/plex_arm_5/install/plex_arm_5/bin'
[2.890s] Level 1:colcon.colcon_core.environment:create_environment_scripts_only(plex_arm_5)
[2.890s] INFO:colcon.colcon_core.shell:Creating package script '/root/ros2_ws/src/plex_arm_5/install/plex_arm_5/share/plex_arm_5/package.ps1'
[2.892s] INFO:colcon.colcon_core.shell:Creating package descriptor '/root/ros2_ws/src/plex_arm_5/install/plex_arm_5/share/plex_arm_5/package.dsv'
[2.893s] INFO:colcon.colcon_core.shell:Creating package script '/root/ros2_ws/src/plex_arm_5/install/plex_arm_5/share/plex_arm_5/package.sh'
[2.894s] INFO:colcon.colcon_core.shell:Creating package script '/root/ros2_ws/src/plex_arm_5/install/plex_arm_5/share/plex_arm_5/package.bash'
[2.895s] INFO:colcon.colcon_core.shell:Creating package script '/root/ros2_ws/src/plex_arm_5/install/plex_arm_5/share/plex_arm_5/package.zsh'
[2.896s] Level 1:colcon.colcon_core.environment:create_file_with_runtime_dependencies(/root/ros2_ws/src/plex_arm_5/install/plex_arm_5/share/colcon-core/packages/plex_arm_5)
[2.897s] DEBUG:colcon.colcon_parallel_executor.executor.parallel:closing loop
[2.897s] DEBUG:colcon.colcon_parallel_executor.executor.parallel:loop closed
[2.897s] DEBUG:colcon.colcon_parallel_executor.executor.parallel:run_until_complete finished with '0'
[2.897s] DEBUG:colcon.colcon_core.event_reactor:joining thread
[2.946s] INFO:colcon.colcon_core.plugin_system:Skipping extension 'colcon_notification.desktop_notification.notify_send': Could not find 'notify-send'
[2.946s] INFO:colcon.colcon_core.plugin_system:Skipping extension 'colcon_notification.desktop_notification.terminal_notifier': Not used on non-Darwin systems
[2.946s] INFO:colcon.colcon_core.plugin_system:Skipping extension 'colcon_notification.desktop_notification.win32': Not used on non-Windows systems
[2.946s] INFO:colcon.colcon_notification.desktop_notification:Sending desktop notification using 'notify2'
[2.946s] DEBUG:colcon.colcon_notification.desktop_notification.notify2:Failed to initialize notify2: org.freedesktop.DBus.Error.FileNotFound: Failed to connect to socket /run/user/0/bus: No such file or directory
[2.947s] DEBUG:colcon.colcon_core.event_reactor:joined thread
[2.947s] INFO:colcon.colcon_core.shell:Creating prefix script '/root/ros2_ws/src/plex_arm_5/install/local_setup.ps1'
[2.949s] INFO:colcon.colcon_core.shell:Creating prefix util module '/root/ros2_ws/src/plex_arm_5/install/_local_setup_util_ps1.py'
[2.951s] INFO:colcon.colcon_core.shell:Creating prefix chain script '/root/ros2_ws/src/plex_arm_5/install/setup.ps1'
[2.952s] INFO:colcon.colcon_core.shell:Creating prefix script '/root/ros2_ws/src/plex_arm_5/install/local_setup.sh'
[2.953s] INFO:colcon.colcon_core.shell:Creating prefix util module '/root/ros2_ws/src/plex_arm_5/install/_local_setup_util_sh.py'
[2.954s] INFO:colcon.colcon_core.shell:Creating prefix chain script '/root/ros2_ws/src/plex_arm_5/install/setup.sh'
[2.955s] INFO:colcon.colcon_core.shell:Creating prefix script '/root/ros2_ws/src/plex_arm_5/install/local_setup.bash'
[2.955s] INFO:colcon.colcon_core.shell:Creating prefix chain script '/root/ros2_ws/src/plex_arm_5/install/setup.bash'
[2.957s] INFO:colcon.colcon_core.shell:Creating prefix script '/root/ros2_ws/src/plex_arm_5/install/local_setup.zsh'
[2.957s] INFO:colcon.colcon_core.shell:Creating prefix chain script '/root/ros2_ws/src/plex_arm_5/install/setup.zsh'
