[0.255s] DEBUG:colcon:Command line arguments: ['/usr/bin/colcon', 'build', '--packages-select', 'plex_arm_5']
[0.255s] DEBUG:colcon:Parsed command line arguments: Namespace(log_base=None, log_level=None, verb_name='build', build_base='build', install_base='install', merge_install=False, symlink_install=False, test_result_base=None, continue_on_error=False, executor='parallel', parallel_workers=24, event_handlers=None, ignore_user_meta=False, metas=['./colcon.meta'], base_paths=['.'], packages_ignore=None, packages_ignore_regex=None, paths=None, packages_up_to=None, packages_up_to_regex=None, packages_above=None, packages_above_and_dependencies=None, packages_above_depth=None, packages_select_by_dep=None, packages_skip_by_dep=None, packages_skip_up_to=None, packages_select_build_failed=False, packages_skip_build_finished=False, packages_select_test_failures=False, packages_skip_test_passed=False, packages_select=['plex_arm_5'], packages_skip=None, packages_select_regex=None, packages_skip_regex=None, packages_start=None, packages_end=None, allow_overriding=[], cmake_args=None, cmake_target=None, cmake_target_skip_unavailable=False, cmake_clean_cache=False, cmake_clean_first=False, cmake_force_configure=False, ament_cmake_args=None, catkin_cmake_args=None, catkin_skip_building_tests=False, verb_parser=<colcon_defaults.argument_parser.defaults.DefaultArgumentsDecorator object at 0x718b98a50c70>, verb_extension=<colcon_core.verb.build.BuildVerb object at 0x718b98b562f0>, main=<bound method BuildVerb.main of <colcon_core.verb.build.BuildVerb object at 0x718b98b562f0>>)
[0.493s] Level 1:colcon.colcon_core.package_discovery:discover_packages(colcon_meta) check parameters
[0.493s] Level 1:colcon.colcon_core.package_discovery:discover_packages(recursive) check parameters
[0.493s] Level 1:colcon.colcon_core.package_discovery:discover_packages(ignore) check parameters
[0.493s] Level 1:colcon.colcon_core.package_discovery:discover_packages(path) check parameters
[0.493s] Level 1:colcon.colcon_core.package_discovery:discover_packages(colcon_meta) discover
[0.493s] Level 1:colcon.colcon_core.package_discovery:discover_packages(recursive) discover
[0.494s] INFO:colcon.colcon_core.package_discovery:Crawling recursively for packages in '/root/ros2_ws/src/plex_arm_5'
[0.494s] Level 1:colcon.colcon_core.package_identification:_identify(.) by extensions ['ignore', 'ignore_ament_install']
[0.494s] Level 1:colcon.colcon_core.package_identification:_identify(.) by extension 'ignore'
[0.494s] Level 1:colcon.colcon_core.package_identification:_identify(.) by extension 'ignore_ament_install'
[0.494s] Level 1:colcon.colcon_core.package_identification:_identify(.) by extensions ['colcon_pkg']
[0.494s] Level 1:colcon.colcon_core.package_identification:_identify(.) by extension 'colcon_pkg'
[0.494s] Level 1:colcon.colcon_core.package_identification:_identify(.) by extensions ['colcon_meta']
[0.494s] Level 1:colcon.colcon_core.package_identification:_identify(.) by extension 'colcon_meta'
[0.494s] Level 1:colcon.colcon_core.package_identification:_identify(.) by extensions ['ros']
[0.494s] Level 1:colcon.colcon_core.package_identification:_identify(.) by extension 'ros'
[0.509s] DEBUG:colcon.colcon_core.package_identification:Package '.' with type 'ros.ament_python' and name 'plex_arm_5'
[0.509s] Level 1:colcon.colcon_core.package_discovery:discover_packages(recursive) using defaults
[0.509s] Level 1:colcon.colcon_core.package_discovery:discover_packages(ignore) discover
[0.509s] Level 1:colcon.colcon_core.package_discovery:discover_packages(ignore) using defaults
[0.509s] Level 1:colcon.colcon_core.package_discovery:discover_packages(path) discover
[0.509s] Level 1:colcon.colcon_core.package_discovery:discover_packages(path) using defaults
[0.535s] Level 1:colcon.colcon_core.package_discovery:discover_packages(prefix_path) check parameters
[0.535s] Level 1:colcon.colcon_core.package_discovery:discover_packages(prefix_path) discover
[0.540s] DEBUG:colcon.colcon_installed_package_information.package_discovery:Found 3 installed packages in /root/ros2_ws/install
[0.542s] DEBUG:colcon.colcon_installed_package_information.package_discovery:Found 321 installed packages in /opt/ros/humble
[0.553s] Level 1:colcon.colcon_core.package_discovery:discover_packages(prefix_path) using defaults
[0.649s] Level 5:colcon.colcon_core.verb:set package 'plex_arm_5' build argument 'cmake_args' from command line to 'None'
[0.649s] Level 5:colcon.colcon_core.verb:set package 'plex_arm_5' build argument 'cmake_target' from command line to 'None'
[0.649s] Level 5:colcon.colcon_core.verb:set package 'plex_arm_5' build argument 'cmake_target_skip_unavailable' from command line to 'False'
[0.649s] Level 5:colcon.colcon_core.verb:set package 'plex_arm_5' build argument 'cmake_clean_cache' from command line to 'False'
[0.649s] Level 5:colcon.colcon_core.verb:set package 'plex_arm_5' build argument 'cmake_clean_first' from command line to 'False'
[0.649s] Level 5:colcon.colcon_core.verb:set package 'plex_arm_5' build argument 'cmake_force_configure' from command line to 'False'
[0.649s] Level 5:colcon.colcon_core.verb:set package 'plex_arm_5' build argument 'ament_cmake_args' from command line to 'None'
[0.649s] Level 5:colcon.colcon_core.verb:set package 'plex_arm_5' build argument 'catkin_cmake_args' from command line to 'None'
[0.649s] Level 5:colcon.colcon_core.verb:set package 'plex_arm_5' build argument 'catkin_skip_building_tests' from command line to 'False'
[0.649s] DEBUG:colcon.colcon_core.verb:Building package 'plex_arm_5' with the following arguments: {'ament_cmake_args': None, 'build_base': '/root/ros2_ws/src/plex_arm_5/build/plex_arm_5', 'catkin_cmake_args': None, 'catkin_skip_building_tests': False, 'cmake_args': None, 'cmake_clean_cache': False, 'cmake_clean_first': False, 'cmake_force_configure': False, 'cmake_target': None, 'cmake_target_skip_unavailable': False, 'install_base': '/root/ros2_ws/src/plex_arm_5/install/plex_arm_5', 'merge_install': False, 'path': '/root/ros2_ws/src/plex_arm_5', 'symlink_install': False, 'test_result_base': None}
[0.649s] INFO:colcon.colcon_core.executor:Executing jobs using 'parallel' executor
[0.650s] DEBUG:colcon.colcon_parallel_executor.executor.parallel:run_until_complete
[0.651s] INFO:colcon.colcon_ros.task.ament_python.build:Building ROS package in '/root/ros2_ws/src/plex_arm_5' with build type 'ament_python'
[0.651s] Level 1:colcon.colcon_core.shell:create_environment_hook('plex_arm_5', 'ament_prefix_path')
[0.657s] INFO:colcon.colcon_core.plugin_system:Skipping extension 'colcon_core.shell.bat': Not used on non-Windows systems
[0.657s] INFO:colcon.colcon_core.shell:Creating environment hook '/root/ros2_ws/src/plex_arm_5/install/plex_arm_5/share/plex_arm_5/hook/ament_prefix_path.ps1'
[0.658s] INFO:colcon.colcon_core.shell:Creating environment descriptor '/root/ros2_ws/src/plex_arm_5/install/plex_arm_5/share/plex_arm_5/hook/ament_prefix_path.dsv'
[0.661s] INFO:colcon.colcon_core.shell:Creating environment hook '/root/ros2_ws/src/plex_arm_5/install/plex_arm_5/share/plex_arm_5/hook/ament_prefix_path.sh'
[0.662s] INFO:colcon.colcon_core.shell:Skip shell extension 'powershell' for command environment: Not usable outside of PowerShell
[0.662s] DEBUG:colcon.colcon_core.shell:Skip shell extension 'dsv' for command environment
[0.884s] INFO:colcon.colcon_core.task.python.build:Building Python package in '/root/ros2_ws/src/plex_arm_5'
[0.885s] INFO:colcon.colcon_core.shell:Skip shell extension 'powershell' for command environment: Not usable outside of PowerShell
[0.885s] DEBUG:colcon.colcon_core.shell:Skip shell extension 'dsv' for command environment
[1.301s] DEBUG:colcon.colcon_core.task.python.build:Available setuptools commands: test, install_lib, compile_catalog, build_ext, egg_info, init_catalog, bdist_dumb, build_clib, rotate, install, bdist_rpm, alias, easy_install, bdist, dist_info, check, install_headers, upload, upload_docs, install_egg_info, build_scripts, extract_messages, build, sdist, register, clean, symlink_data, setopt, install_scripts, saveopts, bdist_egg, develop, install_data, update_catalog, build_py
[1.302s] DEBUG:colcon.colcon_core.event_handler.log_command:Invoking command in '/root/ros2_ws/src/plex_arm_5': PYTHONPATH=/root/ros2_ws/src/plex_arm_5/build/plex_arm_5/prefix_override:/usr/lib/python3/dist-packages/colcon_core/task/python/colcon_distutils_commands:/root/ros2_ws/src/plex_arm_5/install/plex_arm_5/lib/python3.10/site-packages:${PYTHONPATH} /usr/bin/python3 -W ignore:setup.py install is deprecated -W ignore:easy_install command is deprecated setup.py egg_info --egg-base build/plex_arm_5 build --build-base /root/ros2_ws/src/plex_arm_5/build/plex_arm_5/build install --record /root/ros2_ws/src/plex_arm_5/build/plex_arm_5/install.log --install-scripts $base/lib/plex_arm_5 --single-version-externally-managed install_data
[1.462s] DEBUG:colcon.colcon_core.event_handler.log_command:Invoked command in '/root/ros2_ws/src/plex_arm_5' returned '0': PYTHONPATH=/root/ros2_ws/src/plex_arm_5/build/plex_arm_5/prefix_override:/usr/lib/python3/dist-packages/colcon_core/task/python/colcon_distutils_commands:/root/ros2_ws/src/plex_arm_5/install/plex_arm_5/lib/python3.10/site-packages:${PYTHONPATH} /usr/bin/python3 -W ignore:setup.py install is deprecated -W ignore:easy_install command is deprecated setup.py egg_info --egg-base build/plex_arm_5 build --build-base /root/ros2_ws/src/plex_arm_5/build/plex_arm_5/build install --record /root/ros2_ws/src/plex_arm_5/build/plex_arm_5/install.log --install-scripts $base/lib/plex_arm_5 --single-version-externally-managed install_data
[1.468s] Level 1:colcon.colcon_core.environment:checking '/root/ros2_ws/src/plex_arm_5/install/plex_arm_5' for CMake module files
[1.469s] Level 1:colcon.colcon_core.environment:checking '/root/ros2_ws/src/plex_arm_5/install/plex_arm_5' for CMake config files
[1.472s] Level 1:colcon.colcon_core.environment:checking '/root/ros2_ws/src/plex_arm_5/install/plex_arm_5/lib'
[1.472s] Level 1:colcon.colcon_core.environment:checking '/root/ros2_ws/src/plex_arm_5/install/plex_arm_5/bin'
[1.472s] Level 1:colcon.colcon_core.environment:checking '/root/ros2_ws/src/plex_arm_5/install/plex_arm_5/lib/pkgconfig/plex_arm_5.pc'
[1.472s] Level 1:colcon.colcon_core.environment:checking '/root/ros2_ws/src/plex_arm_5/install/plex_arm_5/lib/python3.10/site-packages'
[1.472s] Level 1:colcon.colcon_core.shell:create_environment_hook('plex_arm_5', 'pythonpath')
[1.472s] INFO:colcon.colcon_core.shell:Creating environment hook '/root/ros2_ws/src/plex_arm_5/install/plex_arm_5/share/plex_arm_5/hook/pythonpath.ps1'
[1.473s] INFO:colcon.colcon_core.shell:Creating environment descriptor '/root/ros2_ws/src/plex_arm_5/install/plex_arm_5/share/plex_arm_5/hook/pythonpath.dsv'
[1.473s] INFO:colcon.colcon_core.shell:Creating environment hook '/root/ros2_ws/src/plex_arm_5/install/plex_arm_5/share/plex_arm_5/hook/pythonpath.sh'
[1.473s] Level 1:colcon.colcon_core.environment:checking '/root/ros2_ws/src/plex_arm_5/install/plex_arm_5/bin'
[1.473s] Level 1:colcon.colcon_core.environment:create_environment_scripts_only(plex_arm_5)
[1.474s] INFO:colcon.colcon_core.shell:Creating package script '/root/ros2_ws/src/plex_arm_5/install/plex_arm_5/share/plex_arm_5/package.ps1'
[1.475s] INFO:colcon.colcon_core.shell:Creating package descriptor '/root/ros2_ws/src/plex_arm_5/install/plex_arm_5/share/plex_arm_5/package.dsv'
[1.475s] INFO:colcon.colcon_core.shell:Creating package script '/root/ros2_ws/src/plex_arm_5/install/plex_arm_5/share/plex_arm_5/package.sh'
[1.476s] INFO:colcon.colcon_core.shell:Creating package script '/root/ros2_ws/src/plex_arm_5/install/plex_arm_5/share/plex_arm_5/package.bash'
[1.476s] INFO:colcon.colcon_core.shell:Creating package script '/root/ros2_ws/src/plex_arm_5/install/plex_arm_5/share/plex_arm_5/package.zsh'
[1.477s] Level 1:colcon.colcon_core.environment:create_file_with_runtime_dependencies(/root/ros2_ws/src/plex_arm_5/install/plex_arm_5/share/colcon-core/packages/plex_arm_5)
[1.477s] DEBUG:colcon.colcon_parallel_executor.executor.parallel:closing loop
[1.477s] DEBUG:colcon.colcon_parallel_executor.executor.parallel:loop closed
[1.477s] DEBUG:colcon.colcon_parallel_executor.executor.parallel:run_until_complete finished with '0'
[1.477s] DEBUG:colcon.colcon_core.event_reactor:joining thread
[1.512s] INFO:colcon.colcon_core.plugin_system:Skipping extension 'colcon_notification.desktop_notification.notify_send': Could not find 'notify-send'
[1.512s] INFO:colcon.colcon_core.plugin_system:Skipping extension 'colcon_notification.desktop_notification.terminal_notifier': Not used on non-Darwin systems
[1.512s] INFO:colcon.colcon_core.plugin_system:Skipping extension 'colcon_notification.desktop_notification.win32': Not used on non-Windows systems
[1.512s] INFO:colcon.colcon_notification.desktop_notification:Sending desktop notification using 'notify2'
[1.514s] DEBUG:colcon.colcon_notification.desktop_notification.notify2:Failed to initialize notify2: org.freedesktop.DBus.Error.ServiceUnknown: The name org.freedesktop.Notifications was not provided by any .service files
[1.514s] DEBUG:colcon.colcon_core.event_reactor:joined thread
[1.514s] INFO:colcon.colcon_core.shell:Creating prefix script '/root/ros2_ws/src/plex_arm_5/install/local_setup.ps1'
[1.515s] INFO:colcon.colcon_core.shell:Creating prefix util module '/root/ros2_ws/src/plex_arm_5/install/_local_setup_util_ps1.py'
[1.516s] INFO:colcon.colcon_core.shell:Creating prefix chain script '/root/ros2_ws/src/plex_arm_5/install/setup.ps1'
[1.516s] INFO:colcon.colcon_core.shell:Creating prefix script '/root/ros2_ws/src/plex_arm_5/install/local_setup.sh'
[1.517s] INFO:colcon.colcon_core.shell:Creating prefix util module '/root/ros2_ws/src/plex_arm_5/install/_local_setup_util_sh.py'
[1.517s] INFO:colcon.colcon_core.shell:Creating prefix chain script '/root/ros2_ws/src/plex_arm_5/install/setup.sh'
[1.518s] INFO:colcon.colcon_core.shell:Creating prefix script '/root/ros2_ws/src/plex_arm_5/install/local_setup.bash'
[1.518s] INFO:colcon.colcon_core.shell:Creating prefix chain script '/root/ros2_ws/src/plex_arm_5/install/setup.bash'
[1.519s] INFO:colcon.colcon_core.shell:Creating prefix script '/root/ros2_ws/src/plex_arm_5/install/local_setup.zsh'
[1.520s] INFO:colcon.colcon_core.shell:Creating prefix chain script '/root/ros2_ws/src/plex_arm_5/install/setup.zsh'
