[0.651s] Invoking command in '/root/ros2_ws/src/plex_arm_5': PYTHONPATH=/root/ros2_ws/src/plex_arm_5/build/plex_arm_5/prefix_override:/usr/lib/python3/dist-packages/colcon_core/task/python/colcon_distutils_commands:/root/ros2_ws/src/plex_arm_5/install/plex_arm_5/lib/python3.10/site-packages:${PYTHONPATH} /usr/bin/python3 -W ignore:setup.py install is deprecated -W ignore:easy_install command is deprecated setup.py egg_info --egg-base build/plex_arm_5 build --build-base /root/ros2_ws/src/plex_arm_5/build/plex_arm_5/build install --record /root/ros2_ws/src/plex_arm_5/build/plex_arm_5/install.log --install-scripts $base/lib/plex_arm_5 --single-version-externally-managed install_data
[0.774s] running egg_info
[0.775s] writing build/plex_arm_5/plex_arm_5.egg-info/PKG-INFO
[0.776s] writing dependency_links to build/plex_arm_5/plex_arm_5.egg-info/dependency_links.txt
[0.776s] writing entry points to build/plex_arm_5/plex_arm_5.egg-info/entry_points.txt
[0.776s] writing requirements to build/plex_arm_5/plex_arm_5.egg-info/requires.txt
[0.776s] writing top-level names to build/plex_arm_5/plex_arm_5.egg-info/top_level.txt
[0.777s] reading manifest file 'build/plex_arm_5/plex_arm_5.egg-info/SOURCES.txt'
[0.778s] writing manifest file 'build/plex_arm_5/plex_arm_5.egg-info/SOURCES.txt'
[0.778s] running build
[0.778s] running build_py
[0.778s] copying plex_arm_5/joy_translator.py -> /root/ros2_ws/src/plex_arm_5/build/plex_arm_5/build/lib/plex_arm_5
[0.778s] running install
[0.778s] running install_lib
[0.780s] copying /root/ros2_ws/src/plex_arm_5/build/plex_arm_5/build/lib/plex_arm_5/joy_translator.py -> /root/ros2_ws/src/plex_arm_5/install/plex_arm_5/lib/python3.10/site-packages/plex_arm_5
[0.781s] byte-compiling /root/ros2_ws/src/plex_arm_5/install/plex_arm_5/lib/python3.10/site-packages/plex_arm_5/joy_translator.py to joy_translator.cpython-310.pyc
[0.782s] running install_data
[0.782s] running install_egg_info
[0.783s] removing '/root/ros2_ws/src/plex_arm_5/install/plex_arm_5/lib/python3.10/site-packages/plex_arm_5-0.0.0-py3.10.egg-info' (and everything under it)
[0.783s] Copying build/plex_arm_5/plex_arm_5.egg-info to /root/ros2_ws/src/plex_arm_5/install/plex_arm_5/lib/python3.10/site-packages/plex_arm_5-0.0.0-py3.10.egg-info
[0.784s] running install_scripts
[0.796s] Installing joy_translator script to /root/ros2_ws/src/plex_arm_5/install/plex_arm_5/lib/plex_arm_5
[0.796s] writing list of installed files to '/root/ros2_ws/src/plex_arm_5/build/plex_arm_5/install.log'
[0.811s] Invoked command in '/root/ros2_ws/src/plex_arm_5' returned '0': PYTHONPATH=/root/ros2_ws/src/plex_arm_5/build/plex_arm_5/prefix_override:/usr/lib/python3/dist-packages/colcon_core/task/python/colcon_distutils_commands:/root/ros2_ws/src/plex_arm_5/install/plex_arm_5/lib/python3.10/site-packages:${PYTHONPATH} /usr/bin/python3 -W ignore:setup.py install is deprecated -W ignore:easy_install command is deprecated setup.py egg_info --egg-base build/plex_arm_5 build --build-base /root/ros2_ws/src/plex_arm_5/build/plex_arm_5/build install --record /root/ros2_ws/src/plex_arm_5/build/plex_arm_5/install.log --install-scripts $base/lib/plex_arm_5 --single-version-externally-managed install_data
