[1.522s] Invoking command in '/root/ros2_ws/src/plex_arm_5/build/plex_arm_5': PYTHONPATH=/root/ros2_ws/src/plex_arm_5/build/plex_arm_5/prefix_override:/usr/lib/python3/dist-packages/colcon_core/task/python/colcon_distutils_commands:/root/ros2_ws/src/plex_arm_5/install/plex_arm_5/lib/python3.10/site-packages:${PYTHONPATH} /usr/bin/python3 -W ignore:setup.py install is deprecated -W ignore:easy_install command is deprecated setup.py develop --editable --build-directory /root/ros2_ws/src/plex_arm_5/build/plex_arm_5/build --no-deps symlink_data
[1.930s] running develop
[2.126s] running egg_info
[2.126s] creating plex_arm_5.egg-info
[2.127s] writing plex_arm_5.egg-info/PKG-INFO
[2.127s] writing dependency_links to plex_arm_5.egg-info/dependency_links.txt
[2.128s] writing entry points to plex_arm_5.egg-info/entry_points.txt
[2.128s] writing requirements to plex_arm_5.egg-info/requires.txt
[2.128s] writing top-level names to plex_arm_5.egg-info/top_level.txt
[2.128s] writing manifest file 'plex_arm_5.egg-info/SOURCES.txt'
[2.131s] reading manifest file 'plex_arm_5.egg-info/SOURCES.txt'
[2.133s] writing manifest file 'plex_arm_5.egg-info/SOURCES.txt'
[2.144s] running build_ext
[2.144s] Creating /root/ros2_ws/src/plex_arm_5/install/plex_arm_5/lib/python3.10/site-packages/plex-arm-5.egg-link (link to .)
[2.145s] 
[2.145s] Installed /root/ros2_ws/src/plex_arm_5/build/plex_arm_5
[2.145s] running symlink_data
[2.146s] creating /root/ros2_ws/src/plex_arm_5/install/plex_arm_5/share/ament_index
[2.146s] creating /root/ros2_ws/src/plex_arm_5/install/plex_arm_5/share/ament_index/resource_index
[2.146s] creating /root/ros2_ws/src/plex_arm_5/install/plex_arm_5/share/ament_index/resource_index/packages
[2.146s] symbolically linking /root/ros2_ws/src/plex_arm_5/build/plex_arm_5/resource/plex_arm_5 -> /root/ros2_ws/src/plex_arm_5/install/plex_arm_5/share/ament_index/resource_index/packages
[2.147s] creating /root/ros2_ws/src/plex_arm_5/install/plex_arm_5/share/plex_arm_5/launch
[2.147s] symbolically linking /root/ros2_ws/src/plex_arm_5/build/plex_arm_5/launch/trial.launch.py -> /root/ros2_ws/src/plex_arm_5/install/plex_arm_5/share/plex_arm_5/launch
[2.147s] symbolically linking /root/ros2_ws/src/plex_arm_5/build/plex_arm_5/launch/bringup.launch.py -> /root/ros2_ws/src/plex_arm_5/install/plex_arm_5/share/plex_arm_5/launch
[2.147s] symbolically linking /root/ros2_ws/src/plex_arm_5/build/plex_arm_5/launch/move_group.launch.py -> /root/ros2_ws/src/plex_arm_5/install/plex_arm_5/share/plex_arm_5/launch
[2.147s] creating /root/ros2_ws/src/plex_arm_5/install/plex_arm_5/share/plex_arm_5/config
[2.148s] symbolically linking /root/ros2_ws/src/plex_arm_5/build/plex_arm_5/config/joint_names_plex_arm_5.yaml -> /root/ros2_ws/src/plex_arm_5/install/plex_arm_5/share/plex_arm_5/config
[2.148s] symbolically linking /root/ros2_ws/src/plex_arm_5/build/plex_arm_5/config/kinematics.yaml -> /root/ros2_ws/src/plex_arm_5/install/plex_arm_5/share/plex_arm_5/config
[2.148s] symbolically linking /root/ros2_ws/src/plex_arm_5/build/plex_arm_5/config/servo_params.yaml -> /root/ros2_ws/src/plex_arm_5/install/plex_arm_5/share/plex_arm_5/config
[2.148s] symbolically linking /root/ros2_ws/src/plex_arm_5/build/plex_arm_5/config/plex_arm_5.ros2_control.xacro -> /root/ros2_ws/src/plex_arm_5/install/plex_arm_5/share/plex_arm_5/config
[2.148s] symbolically linking /root/ros2_ws/src/plex_arm_5/build/plex_arm_5/config/initial_positions.yaml -> /root/ros2_ws/src/plex_arm_5/install/plex_arm_5/share/plex_arm_5/config
[2.149s] symbolically linking /root/ros2_ws/src/plex_arm_5/build/plex_arm_5/config/plex_arm_5.urdf.xacro -> /root/ros2_ws/src/plex_arm_5/install/plex_arm_5/share/plex_arm_5/config
[2.149s] symbolically linking /root/ros2_ws/src/plex_arm_5/build/plex_arm_5/config/pilz_cartesian_limits.yaml -> /root/ros2_ws/src/plex_arm_5/install/plex_arm_5/share/plex_arm_5/config
[2.149s] symbolically linking /root/ros2_ws/src/plex_arm_5/build/plex_arm_5/config/servo_kinematics.yaml -> /root/ros2_ws/src/plex_arm_5/install/plex_arm_5/share/plex_arm_5/config
[2.150s] symbolically linking /root/ros2_ws/src/plex_arm_5/build/plex_arm_5/config/moveit.rviz -> /root/ros2_ws/src/plex_arm_5/install/plex_arm_5/share/plex_arm_5/config
[2.150s] symbolically linking /root/ros2_ws/src/plex_arm_5/build/plex_arm_5/config/ros2_controllers.yaml -> /root/ros2_ws/src/plex_arm_5/install/plex_arm_5/share/plex_arm_5/config
[2.150s] symbolically linking /root/ros2_ws/src/plex_arm_5/build/plex_arm_5/config/plex_arm_5.srdf -> /root/ros2_ws/src/plex_arm_5/install/plex_arm_5/share/plex_arm_5/config
[2.150s] symbolically linking /root/ros2_ws/src/plex_arm_5/build/plex_arm_5/config/joint_limits.yaml -> /root/ros2_ws/src/plex_arm_5/install/plex_arm_5/share/plex_arm_5/config
[2.151s] symbolically linking /root/ros2_ws/src/plex_arm_5/build/plex_arm_5/config/moveit_controllers.yaml -> /root/ros2_ws/src/plex_arm_5/install/plex_arm_5/share/plex_arm_5/config
[2.151s] creating /root/ros2_ws/src/plex_arm_5/install/plex_arm_5/share/plex_arm_5/urdf
[2.151s] symbolically linking /root/ros2_ws/src/plex_arm_5/build/plex_arm_5/urdf/plex_arm_5.urdf -> /root/ros2_ws/src/plex_arm_5/install/plex_arm_5/share/plex_arm_5/urdf
[2.151s] symbolically linking /root/ros2_ws/src/plex_arm_5/build/plex_arm_5/urdf/plex_arm_5.csv -> /root/ros2_ws/src/plex_arm_5/install/plex_arm_5/share/plex_arm_5/urdf
[2.152s] symbolically linking /root/ros2_ws/src/plex_arm_5/build/plex_arm_5/urdf/plex_arm_5.xacro -> /root/ros2_ws/src/plex_arm_5/install/plex_arm_5/share/plex_arm_5/urdf
[2.152s] creating /root/ros2_ws/src/plex_arm_5/install/plex_arm_5/share/plex_arm_5/meshes
[2.152s] symbolically linking /root/ros2_ws/src/plex_arm_5/build/plex_arm_5/meshes/EE_assembly.STL -> /root/ros2_ws/src/plex_arm_5/install/plex_arm_5/share/plex_arm_5/meshes
[2.152s] symbolically linking /root/ros2_ws/src/plex_arm_5/build/plex_arm_5/meshes/link_6.STL -> /root/ros2_ws/src/plex_arm_5/install/plex_arm_5/share/plex_arm_5/meshes
[2.152s] symbolically linking /root/ros2_ws/src/plex_arm_5/build/plex_arm_5/meshes/link_2.STL -> /root/ros2_ws/src/plex_arm_5/install/plex_arm_5/share/plex_arm_5/meshes
[2.153s] symbolically linking /root/ros2_ws/src/plex_arm_5/build/plex_arm_5/meshes/link_3.STL -> /root/ros2_ws/src/plex_arm_5/install/plex_arm_5/share/plex_arm_5/meshes
[2.153s] symbolically linking /root/ros2_ws/src/plex_arm_5/build/plex_arm_5/meshes/link_5.STL -> /root/ros2_ws/src/plex_arm_5/install/plex_arm_5/share/plex_arm_5/meshes
[2.154s] symbolically linking /root/ros2_ws/src/plex_arm_5/build/plex_arm_5/meshes/base_link.STL -> /root/ros2_ws/src/plex_arm_5/install/plex_arm_5/share/plex_arm_5/meshes
[2.154s] symbolically linking /root/ros2_ws/src/plex_arm_5/build/plex_arm_5/meshes/link_4.STL -> /root/ros2_ws/src/plex_arm_5/install/plex_arm_5/share/plex_arm_5/meshes
[2.154s] symbolically linking /root/ros2_ws/src/plex_arm_5/build/plex_arm_5/package.xml -> /root/ros2_ws/src/plex_arm_5/install/plex_arm_5/share/plex_arm_5
[2.201s] Invoked command in '/root/ros2_ws/src/plex_arm_5/build/plex_arm_5' returned '0': PYTHONPATH=/root/ros2_ws/src/plex_arm_5/build/plex_arm_5/prefix_override:/usr/lib/python3/dist-packages/colcon_core/task/python/colcon_distutils_commands:/root/ros2_ws/src/plex_arm_5/install/plex_arm_5/lib/python3.10/site-packages:${PYTHONPATH} /usr/bin/python3 -W ignore:setup.py install is deprecated -W ignore:easy_install command is deprecated setup.py develop --editable --build-directory /root/ros2_ws/src/plex_arm_5/build/plex_arm_5/build --no-deps symlink_data
