running egg_info
writing build/plex_arm_5/plex_arm_5.egg-info/PKG-INFO
writing dependency_links to build/plex_arm_5/plex_arm_5.egg-info/dependency_links.txt
writing entry points to build/plex_arm_5/plex_arm_5.egg-info/entry_points.txt
writing requirements to build/plex_arm_5/plex_arm_5.egg-info/requires.txt
writing top-level names to build/plex_arm_5/plex_arm_5.egg-info/top_level.txt
reading manifest file 'build/plex_arm_5/plex_arm_5.egg-info/SOURCES.txt'
writing manifest file 'build/plex_arm_5/plex_arm_5.egg-info/SOURCES.txt'
running build
running build_py
copying plex_arm_5/joy_translator.py -> /root/ros2_ws/src/plex_arm_5/build/plex_arm_5/build/lib/plex_arm_5
running install
running install_lib
copying /root/ros2_ws/src/plex_arm_5/build/plex_arm_5/build/lib/plex_arm_5/joy_translator.py -> /root/ros2_ws/src/plex_arm_5/install/plex_arm_5/lib/python3.10/site-packages/plex_arm_5
byte-compiling /root/ros2_ws/src/plex_arm_5/install/plex_arm_5/lib/python3.10/site-packages/plex_arm_5/joy_translator.py to joy_translator.cpython-310.pyc
running install_data
copying launch/trial.launch.py -> /root/ros2_ws/src/plex_arm_5/install/plex_arm_5/share/plex_arm_5/launch
running install_egg_info
removing '/root/ros2_ws/src/plex_arm_5/install/plex_arm_5/lib/python3.10/site-packages/plex_arm_5-0.0.0-py3.10.egg-info' (and everything under it)
Copying build/plex_arm_5/plex_arm_5.egg-info to /root/ros2_ws/src/plex_arm_5/install/plex_arm_5/lib/python3.10/site-packages/plex_arm_5-0.0.0-py3.10.egg-info
running install_scripts
Installing joy_translator script to /root/ros2_ws/src/plex_arm_5/install/plex_arm_5/lib/plex_arm_5
writing list of installed files to '/root/ros2_ws/src/plex_arm_5/build/plex_arm_5/install.log'
